../Middlewares/ST/touchgfx/framework/include/touchgfx/events/GestureEvent.hpp:74:13:int16_t touchgfx::GestureEvent::getVelocity() const	16	static
../Middlewares/ST/touchgfx/framework/include/touchgfx/events/GestureEvent.hpp:84:22:touchgfx::GestureEvent::GestureEventType touchgfx::GestureEvent::getType() const	16	static
../Middlewares/ST/touchgfx/framework/include/touchgfx/Screen.hpp:104:18:virtual void touchgfx::Screen::afterTransition()	16	static
../Middlewares/ST/touchgfx/framework/include/touchgfx/Screen.hpp:115:18:virtual void touchgfx::Screen::tearDownScreen()	16	static
../Middlewares/ST/touchgfx/framework/include/touchgfx/Screen.hpp:144:18:virtual void touchgfx::Screen::handleTickEvent()	16	static
../Middlewares/ST/touchgfx/framework/include/touchgfx/Screen.hpp:154:18:virtual void touchgfx::Screen::handleKeyEvent(uint8_t)	16	static
../TouchGFX/generated/gui_generated/include/gui_generated/heartratescreen_screen/HeartrateScreenViewBase.hpp:24:26:FrontendApplication& HeartrateScreenViewBase::application()	16	static
../TouchGFX/gui/include/gui/heartratescreen_screen/HeartrateScreenView.hpp:11:13:HeartrateScreenView::~HeartrateScreenView()	16	static
../TouchGFX/gui/include/gui/heartratescreen_screen/HeartrateScreenView.hpp:11:13:virtual HeartrateScreenView::~HeartrateScreenView()	16	static
../TouchGFX/gui/src/heartratescreen_screen/HeartrateScreenView.cpp:6:1:HeartrateScreenView::HeartrateScreenView()	16	static
../TouchGFX/gui/src/heartratescreen_screen/HeartrateScreenView.cpp:12:6:virtual void HeartrateScreenView::setupScreen()	16	static
../TouchGFX/gui/src/heartratescreen_screen/HeartrateScreenView.cpp:17:6:virtual void HeartrateScreenView::tearDownScreen()	16	static
../TouchGFX/gui/src/heartratescreen_screen/HeartrateScreenView.cpp:22:6:virtual void HeartrateScreenView::handleGestureEvent(const touchgfx::GestureEvent&)	24	static
../TouchGFX/gui/src/heartratescreen_screen/HeartrateScreenView.cpp:35:6:void HeartrateScreenView::handleSwipeRight()	16	static
