../Middlewares/ST/touchgfx/framework/include/touchgfx/events/GestureEvent.hpp:74:13:int16_t touchgfx::GestureEvent::getVelocity() const	16	static
../Middlewares/ST/touchgfx/framework/include/touchgfx/events/GestureEvent.hpp:84:22:touchgfx::GestureEvent::GestureEventType touchgfx::GestureEvent::getType() const	16	static
../Middlewares/ST/touchgfx/framework/include/touchgfx/Screen.hpp:104:18:virtual void touchgfx::Screen::afterTransition()	16	static
../Middlewares/ST/touchgfx/framework/include/touchgfx/Screen.hpp:115:18:virtual void touchgfx::Screen::tearDownScreen()	16	static
../Middlewares/ST/touchgfx/framework/include/touchgfx/Screen.hpp:144:18:virtual void touchgfx::Screen::handleTickEvent()	16	static
../Middlewares/ST/touchgfx/framework/include/touchgfx/Screen.hpp:154:18:virtual void touchgfx::Screen::handleKeyEvent(uint8_t)	16	static
../TouchGFX/generated/gui_generated/include/gui_generated/screenontimesetting_screen/screenontimeSettingViewBase.hpp:47:26:FrontendApplication& screenontimeSettingViewBase::application()	16	static
../TouchGFX/gui/include/gui/screenontimesetting_screen/screenontimeSettingView.hpp:12:13:screenontimeSettingView::~screenontimeSettingView()	16	static
../TouchGFX/gui/include/gui/screenontimesetting_screen/screenontimeSettingView.hpp:12:13:virtual screenontimeSettingView::~screenontimeSettingView()	16	static
../TouchGFX/gui/src/screenontimesetting_screen/screenontimeSettingView.cpp:10:1:screenontimeSettingView::screenontimeSettingView()	24	static
../TouchGFX/gui/src/screenontimesetting_screen/screenontimeSettingView.cpp:17:6:virtual void screenontimeSettingView::setupScreen()	16	static
../TouchGFX/gui/src/screenontimesetting_screen/screenontimeSettingView.cpp:23:6:virtual void screenontimeSettingView::tearDownScreen()	16	static
../TouchGFX/gui/src/screenontimesetting_screen/screenontimeSettingView.cpp:28:6:virtual void screenontimeSettingView::handleGestureEvent(const touchgfx::GestureEvent&)	24	static
../TouchGFX/gui/src/screenontimesetting_screen/screenontimeSettingView.cpp:46:6:void screenontimeSettingView::handleSwipeRight()	16	static
../TouchGFX/gui/src/screenontimesetting_screen/screenontimeSettingView.cpp:51:6:virtual void screenontimeSettingView::scrollWheel1UpdateItem(setting_screenontime_notselected&, int16_t)	24	static
../TouchGFX/gui/src/screenontimesetting_screen/screenontimeSettingView.cpp:56:6:virtual void screenontimeSettingView::scrollWheel1UpdateCenterItem(setting_screenontime_selected&, int16_t)	24	static
../TouchGFX/gui/src/screenontimesetting_screen/screenontimeSettingView.cpp:61:6:void screenontimeSettingView::scrollWheel1AnimateToHandler(int16_t)	16	static
../TouchGFX/gui/src/screenontimesetting_screen/screenontimeSettingView.cpp:66:6:virtual void screenontimeSettingView::changeScreenOnTime()	16	static
../Middlewares/ST/touchgfx/framework/include/touchgfx/Callback.hpp:134:7:constexpr touchgfx::GenericCallback<short int>::GenericCallback()	16	static
../Middlewares/ST/touchgfx/framework/include/touchgfx/Callback.hpp:373:5:touchgfx::Callback<dest_type, T1, void, void>::Callback(dest_type*, void (dest_type::*)(T1)) [with dest_type = screenontimeSettingView; T1 = short int]	24	static
../Middlewares/ST/touchgfx/framework/include/touchgfx/Callback.hpp:138:13:touchgfx::GenericCallback<T1, void, void>::~GenericCallback() [with T1 = short int]	16	static
../Middlewares/ST/touchgfx/framework/include/touchgfx/Callback.hpp:138:13:touchgfx::GenericCallback<T1, void, void>::~GenericCallback() [with T1 = short int]	16	static
../Middlewares/ST/touchgfx/framework/include/touchgfx/Callback.hpp:357:8:touchgfx::Callback<screenontimeSettingView, short int>::~Callback()	16	static
../Middlewares/ST/touchgfx/framework/include/touchgfx/Callback.hpp:357:8:virtual touchgfx::Callback<screenontimeSettingView, short int>::~Callback()	16	static
../TouchGFX/gui/src/screenontimesetting_screen/screenontimeSettingView.cpp:72:1:void __static_initialization_and_destruction_0(int, int)	16	static
../Middlewares/ST/touchgfx/framework/include/touchgfx/Callback.hpp:386:18:void touchgfx::Callback<dest_type, T1, void, void>::execute(T1) [with dest_type = screenontimeSettingView; T1 = short int]	16	static
../Middlewares/ST/touchgfx/framework/include/touchgfx/Callback.hpp:396:18:bool touchgfx::Callback<dest_type, T1, void, void>::isValid() const [with dest_type = screenontimeSettingView; T1 = short int]	16	static
../TouchGFX/gui/src/screenontimesetting_screen/screenontimeSettingView.cpp:72:1:cpp)	8	static
