../Middlewares/ST/touchgfx/framework/include/touchgfx/events/GestureEvent.hpp:74:13:int16_t touchgfx::GestureEvent::getVelocity() const	16	static
../Middlewares/ST/touchgfx/framework/include/touchgfx/events/GestureEvent.hpp:84:22:touchgfx::GestureEvent::GestureEventType touchgfx::GestureEvent::getType() const	16	static
../Middlewares/ST/touchgfx/framework/include/touchgfx/Screen.hpp:104:18:virtual void touchgfx::Screen::afterTransition()	16	static
../Middlewares/ST/touchgfx/framework/include/touchgfx/Screen.hpp:115:18:virtual void touchgfx::Screen::tearDownScreen()	16	static
../Middlewares/ST/touchgfx/framework/include/touchgfx/Screen.hpp:144:18:virtual void touchgfx::Screen::handleTickEvent()	16	static
../Middlewares/ST/touchgfx/framework/include/touchgfx/Screen.hpp:154:18:virtual void touchgfx::Screen::handleKeyEvent(uint8_t)	16	static
../TouchGFX/generated/gui_generated/include/gui_generated/notificationscreen_screen/NotificationScreenViewBase.hpp:25:26:FrontendApplication& NotificationScreenViewBase::application()	16	static
../TouchGFX/gui/include/gui/notificationscreen_screen/NotificationScreenView.hpp:11:13:NotificationScreenView::~NotificationScreenView()	16	static
../TouchGFX/gui/include/gui/notificationscreen_screen/NotificationScreenView.hpp:11:13:virtual NotificationScreenView::~NotificationScreenView()	16	static
../TouchGFX/gui/src/notificationscreen_screen/NotificationScreenView.cpp:6:1:NotificationScreenView::NotificationScreenView()	16	static
../TouchGFX/gui/src/notificationscreen_screen/NotificationScreenView.cpp:12:6:virtual void NotificationScreenView::setupScreen()	16	static
../TouchGFX/gui/src/notificationscreen_screen/NotificationScreenView.cpp:17:6:virtual void NotificationScreenView::tearDownScreen()	16	static
../TouchGFX/gui/src/notificationscreen_screen/NotificationScreenView.cpp:22:6:virtual void NotificationScreenView::handleGestureEvent(const touchgfx::GestureEvent&)	24	static
../TouchGFX/gui/src/notificationscreen_screen/NotificationScreenView.cpp:35:6:void NotificationScreenView::handleSwipeDown()	16	static
