../Middlewares/ST/touchgfx/framework/include/touchgfx/events/GestureEvent.hpp:74:13:int16_t touchgfx::GestureEvent::getVelocity() const	16	static
../Middlewares/ST/touchgfx/framework/include/touchgfx/events/GestureEvent.hpp:84:22:touchgfx::GestureEvent::GestureEventType touchgfx::GestureEvent::getType() const	16	static
../Middlewares/ST/touchgfx/framework/include/touchgfx/Screen.hpp:104:18:virtual void touchgfx::Screen::afterTransition()	16	static
../Middlewares/ST/touchgfx/framework/include/touchgfx/Screen.hpp:115:18:virtual void touchgfx::Screen::tearDownScreen()	16	static
../Middlewares/ST/touchgfx/framework/include/touchgfx/Screen.hpp:144:18:virtual void touchgfx::Screen::handleTickEvent()	16	static
../Middlewares/ST/touchgfx/framework/include/touchgfx/Screen.hpp:154:18:virtual void touchgfx::Screen::handleKeyEvent(uint8_t)	16	static
../TouchGFX/generated/gui_generated/include/gui_generated/wifisetting_screen/wifiSettingViewBase.hpp:23:26:FrontendApplication& wifiSettingViewBase::application()	16	static
../TouchGFX/gui/include/gui/wifisetting_screen/wifiSettingView.hpp:11:13:wifiSettingView::~wifiSettingView()	16	static
../TouchGFX/gui/include/gui/wifisetting_screen/wifiSettingView.hpp:11:13:virtual wifiSettingView::~wifiSettingView()	16	static
../TouchGFX/gui/src/wifisetting_screen/wifiSettingView.cpp:6:1:wifiSettingView::wifiSettingView()	16	static
../TouchGFX/gui/src/wifisetting_screen/wifiSettingView.cpp:12:6:virtual void wifiSettingView::setupScreen()	16	static
../TouchGFX/gui/src/wifisetting_screen/wifiSettingView.cpp:17:6:virtual void wifiSettingView::tearDownScreen()	16	static
../TouchGFX/gui/src/wifisetting_screen/wifiSettingView.cpp:22:6:virtual void wifiSettingView::handleGestureEvent(const touchgfx::GestureEvent&)	24	static
../TouchGFX/gui/src/wifisetting_screen/wifiSettingView.cpp:36:6:void wifiSettingView::handleSwipeRight()	16	static
