../Drivers/ST7789/st7789.c:16:13:ConvHL	24	static
../Drivers/ST7789/st7789.c:33:6:ST7789_WriteCommand	16	static
../Drivers/ST7789/st7789.c:47:6:ST7789_WriteData	24	static
../Drivers/ST7789/st7789.c:80:13:ST7789_WriteSmallData	16	static
../Drivers/ST7789/st7789.c:93:6:ST7789_SetRotation	16	static
../Drivers/ST7789/st7789.c:119:6:ST7789_SetAddressWindow	40	static
../Drivers/ST7789/st7789.c:150:6:ST7789_Init	64	static
../Drivers/ST7789/st7789.c:228:6:ST7789_Fill_Color	24	static
../Drivers/ST7789/st7789.c:257:6:ST7789_DrawPixel	24	static
../Drivers/ST7789/st7789.c:276:6:ST7789_Fill	32	static
../Drivers/ST7789/st7789.c:297:6:ST7789_DrawPixel_4px	32	static
../Drivers/ST7789/st7789.c:313:6:ST7789_DrawLine	40	static
../Drivers/ST7789/st7789.c:374:6:ST7789_DrawRectangle	32	static
../Drivers/ST7789/st7789.c:391:6:ST7789_DrawCircle	40	static
../Drivers/ST7789/st7789.c:435:6:ST7789_DrawImage	24	static
../Drivers/ST7789/st7789.c:455:6:ST7789_InvertColors	16	static
../Drivers/ST7789/st7789.c:471:6:ST7789_WriteChar	40	static
../Drivers/ST7789/st7789.c:502:6:ST7789_WriteString	32	static
../Drivers/ST7789/st7789.c:533:6:ST7789_DrawFilledRectangle	40	static
../Drivers/ST7789/st7789.c:567:6:ST7789_DrawTriangle	32	static
../Drivers/ST7789/st7789.c:583:6:ST7789_DrawFilledTriangle	64	static
../Drivers/ST7789/st7789.c:652:6:ST7789_DrawFilledCircle	48	static
../Drivers/ST7789/st7789.c:692:6:ST7789_TearEffect	16	static
../Drivers/ST7789/st7789.c:699:6:ST7789_DrawBitmap	32	static
../Drivers/ST7789/st7789.c:738:6:ST7789_Test	24	static
../Drivers/ST7789/st7789.c:811:6:ST7789_gpio_setting	8	static
../Drivers/ST7789/st7789.c:820:6:ST7789_brightness_setting	32	static
