../Middlewares/ST/touchgfx/framework/include/touchgfx/events/DragEvent.hpp:122:13:int16_t touchgfx::DragEvent::getDeltaX() const	16	static
../Middlewares/ST/touchgfx/framework/include/touchgfx/events/DragEvent.hpp:132:13:int16_t touchgfx::DragEvent::getDeltaY() const	16	static
../Middlewares/ST/touchgfx/framework/include/touchgfx/events/GestureEvent.hpp:74:13:int16_t touchgfx::GestureEvent::getVelocity() const	16	static
../Middlewares/ST/touchgfx/framework/include/touchgfx/events/GestureEvent.hpp:84:22:touchgfx::GestureEvent::GestureEventType touchgfx::GestureEvent::getType() const	16	static
../Middlewares/ST/touchgfx/framework/include/touchgfx/Screen.hpp:104:18:virtual void touchgfx::Screen::afterTransition()	16	static
../Middlewares/ST/touchgfx/framework/include/touchgfx/Screen.hpp:115:18:virtual void touchgfx::Screen::tearDownScreen()	16	static
../Middlewares/ST/touchgfx/framework/include/touchgfx/Screen.hpp:154:18:virtual void touchgfx::Screen::handleKeyEvent(uint8_t)	16	static
../TouchGFX/generated/gui_generated/include/gui_generated/homescreenwithbiodata_screen/HomeScreenWithBiodataViewBase.hpp:28:26:FrontendApplication& HomeScreenWithBiodataViewBase::application()	16	static
../TouchGFX/gui/include/gui/homescreenwithbiodata_screen/HomeScreenWithBiodataView.hpp:14:13:HomeScreenWithBiodataView::~HomeScreenWithBiodataView()	16	static
../TouchGFX/gui/include/gui/homescreenwithbiodata_screen/HomeScreenWithBiodataView.hpp:14:13:virtual HomeScreenWithBiodataView::~HomeScreenWithBiodataView()	16	static
../TouchGFX/gui/src/homescreenwithbiodata_screen/HomeScreenWithBiodataView.cpp:18:1:HomeScreenWithBiodataView::HomeScreenWithBiodataView()	16	static
../TouchGFX/gui/src/homescreenwithbiodata_screen/HomeScreenWithBiodataView.cpp:24:6:virtual void HomeScreenWithBiodataView::setupScreen()	16	static
../TouchGFX/gui/src/homescreenwithbiodata_screen/HomeScreenWithBiodataView.cpp:56:6:virtual void HomeScreenWithBiodataView::tearDownScreen()	16	static
../TouchGFX/gui/src/homescreenwithbiodata_screen/HomeScreenWithBiodataView.cpp:61:6:virtual void HomeScreenWithBiodataView::handleTickEvent()	24	static
../TouchGFX/gui/src/homescreenwithbiodata_screen/HomeScreenWithBiodataView.cpp:111:6:virtual void HomeScreenWithBiodataView::handleGestureEvent(const touchgfx::GestureEvent&)	24	static
../TouchGFX/gui/src/homescreenwithbiodata_screen/HomeScreenWithBiodataView.cpp:128:6:virtual void HomeScreenWithBiodataView::handleDragEvent(const touchgfx::DragEvent&)	24	static
../TouchGFX/gui/src/homescreenwithbiodata_screen/HomeScreenWithBiodataView.cpp:140:6:void HomeScreenWithBiodataView::handleSwipeDown()	16	static
../TouchGFX/gui/src/homescreenwithbiodata_screen/HomeScreenWithBiodataView.cpp:145:6:void HomeScreenWithBiodataView::handleSwipeUp()	16	static
