../Middlewares/ST/touchgfx/framework/include/touchgfx/events/GestureEvent.hpp:74:13:int16_t touchgfx::GestureEvent::getVelocity() const	16	static
../Middlewares/ST/touchgfx/framework/include/touchgfx/events/GestureEvent.hpp:84:22:touchgfx::GestureEvent::GestureEventType touchgfx::GestureEvent::getType() const	16	static
../Middlewares/ST/touchgfx/framework/include/touchgfx/Screen.hpp:104:18:virtual void touchgfx::Screen::afterTransition()	16	static
../Middlewares/ST/touchgfx/framework/include/touchgfx/Screen.hpp:115:18:virtual void touchgfx::Screen::tearDownScreen()	16	static
../Middlewares/ST/touchgfx/framework/include/touchgfx/Screen.hpp:144:18:virtual void touchgfx::Screen::handleTickEvent()	16	static
../Middlewares/ST/touchgfx/framework/include/touchgfx/Screen.hpp:154:18:virtual void touchgfx::Screen::handleKeyEvent(uint8_t)	16	static
../TouchGFX/generated/gui_generated/include/gui_generated/spo2screen_screen/Spo2ScreenViewBase.hpp:25:26:FrontendApplication& Spo2ScreenViewBase::application()	16	static
../TouchGFX/gui/include/gui/spo2screen_screen/Spo2ScreenView.hpp:11:13:Spo2ScreenView::~Spo2ScreenView()	16	static
../TouchGFX/gui/include/gui/spo2screen_screen/Spo2ScreenView.hpp:11:13:virtual Spo2ScreenView::~Spo2ScreenView()	16	static
../TouchGFX/gui/src/spo2screen_screen/Spo2ScreenView.cpp:6:1:Spo2ScreenView::Spo2ScreenView()	16	static
../TouchGFX/gui/src/spo2screen_screen/Spo2ScreenView.cpp:11:6:virtual void Spo2ScreenView::setupScreen()	16	static
../TouchGFX/gui/src/spo2screen_screen/Spo2ScreenView.cpp:16:6:virtual void Spo2ScreenView::tearDownScreen()	16	static
../TouchGFX/gui/src/spo2screen_screen/Spo2ScreenView.cpp:21:6:virtual void Spo2ScreenView::handleGestureEvent(const touchgfx::GestureEvent&)	24	static
../TouchGFX/gui/src/spo2screen_screen/Spo2ScreenView.cpp:39:6:void Spo2ScreenView::handleSwipeRight()	16	static
