../Core/Src/app_freertos.cpp:135:6:void MX_FREERTOS_Init()	8	static
../Core/Src/app_freertos.cpp:190:6:void StartInitTask(void*)	16	static
../Core/Src/app_freertos.cpp:249:6:void StartlcdTask(void*)	16	static
../Core/Src/app_freertos.cpp:271:6:void StartPPMTask(void*)	16	static
../Core/Src/app_freertos.cpp:292:6:void StartWPMTask(void*)	16	static
../Core/Src/app_freertos.cpp:312:6:void StartSPMTask(void*)	160	static
../Core/Src/app_freertos.cpp:377:6:void StartSecTimerTask(void*)	16	static
../Core/Src/app_freertos.cpp:408:6:void read_ppg()	96	static
